[2026-08-04 23:41:54] route jina degraded -> re-racing
[2026-08-04 23:41:54] route jina degraded -> re-racing
[2026-08-04 23:41:54] route jina degraded -> re-racing
[2026-08-04 23:41:54] route jina degraded -> re-racing
[2026-08-04 23:41:54] route None degraded -> re-racing
[2026-08-04 23:41:54] route None degraded -> re-racing
[2026-08-04 23:41:54] route None degraded -> re-racing
[2026-08-04 23:41:54] route None degraded -> re-racing
[2026-08-04 23:41:55] route None degraded -> re-racing
[2026-08-04 23:41:55] route None degraded -> re-racing
[2026-08-04 23:41:55] route None degraded -> re-racing
[2026-08-04 23:41:55] route None degraded -> re-racing
[2026-08-04 23:41:55] route None degraded -> re-racing
[2026-08-04 23:41:55] route None degraded -> re-racing
[2026-08-04 23:41:55] route None degraded -> re-racing
[2026-08-04 23:41:55] route None degraded -> re-racing
[2026-08-04 23:41:55] route None degraded -> re-racing
[2026-08-04 23:41:55] route None degraded -> re-racing
[2026-08-04 23:41:55] route None degraded -> re-racing
[2026-08-04 23:41:55] route None degraded -> re-racing
[2026-08-04 23:41:55] route None degraded -> re-racing
[2026-08-04 23:41:55] API FAIL https://tradowixcandledata.up.railway.app/
[2026-08-04 23:41:55] API FAIL https://tradowixcandledata.up.railway.app/
[2026-08-04 23:42:06] API FAIL https://tradowixcandledata.up.railway.app/
[2026-08-04 23:42:09] API FAIL https://tradowixcandledata.up.railway.app/
[2026-08-04 23:42:09] API FAIL https://tradowixcandledata.up.railway.app/
[2026-08-04 23:42:09] API FAIL https://tradowixcandledata.up.railway.app/
[2026-08-04 23:42:09] API FAIL https://tradowixcandledata.up.railway.app/
[2026-08-04 23:42:09] API FAIL https://tradowixcandledata.up.railway.app/
[2026-08-04 23:42:10] API FAIL https://tradowixcandledata.up.railway.app/candles
[2026-08-04 23:42:11] API FAIL https://tradowixcandledata.up.railway.app/
[2026-08-04 23:42:12] route jina degraded -> re-racing
[2026-08-04 23:42:12] API FAIL https://tradowixcandledata.up.railway.app/candles
[2026-08-04 23:42:12] API FAIL https://tradowixcandledata.up.railway.app/
[2026-08-04 23:42:13] route None degraded -> re-racing
[2026-08-04 23:42:13] route None degraded -> re-racing
[2026-08-04 23:42:13] route None degraded -> re-racing
[2026-08-04 23:42:13] route None degraded -> re-racing
[2026-08-04 23:42:26] API FAIL https://tradowixcandledata.up.railway.app/candles
[2026-08-04 23:42:27] API FAIL https://tradowixcandledata.up.railway.app/
[2026-08-04 23:42:27] route allorigins degraded -> re-racing
[2026-08-04 23:42:36] API FAIL https://tradowixcandledata.up.railway.app/
[2026-08-04 23:42:36] API FAIL https://tradowixcandledata.up.railway.app/
[2026-08-04 23:42:36] API FAIL https://tradowixcandledata.up.railway.app/
[2026-08-04 23:42:37] API FAIL https://tradowixcandledata.up.railway.app/
[2026-08-04 23:42:37] API FAIL https://tradowixcandledata.up.railway.app/
[2026-08-04 23:42:37] API FAIL https://tradowixcandledata.up.railway.app/
[2026-08-04 23:42:38] API FAIL https://tradowixcandledata.up.railway.app/
[2026-08-04 23:42:39] API FAIL https://tradowixcandledata.up.railway.app/
[2026-08-04 23:42:39] API FAIL https://tradowixcandledata.up.railway.app/
[2026-08-04 23:42:40] API FAIL https://tradowixcandledata.up.railway.app/
[2026-08-04 23:42:40] API FAIL https://tradowixcandledata.up.railway.app/
[2026-08-04 23:42:41] API FAIL https://tradowixcandledata.up.railway.app/candles
[2026-08-04 23:42:41] API FAIL https://tradowixcandledata.up.railway.app/
[2026-08-04 23:42:42] API FAIL https://tradowixcandledata.up.railway.app/candles
[2026-08-04 23:42:42] API FAIL https://tradowixcandledata.up.railway.app/
[2026-08-04 23:42:43] API FAIL https://tradowixcandledata.up.railway.app/
[2026-08-04 23:42:43] API FAIL https://tradowixcandledata.up.railway.app/candles
[2026-08-04 23:42:43] API FAIL https://tradowixcandledata.up.railway.app/
[2026-08-04 23:42:43] API FAIL https://tradowixcandledata.up.railway.app/
[2026-08-04 23:42:44] API FAIL https://tradowixcandledata.up.railway.app/
[2026-08-04 23:42:44] API FAIL https://tradowixcandledata.up.railway.app/candles
[2026-08-04 23:42:45] API FAIL https://tradowixcandledata.up.railway.app/candles
[2026-08-04 23:42:45] API FAIL https://tradowixcandledata.up.railway.app/
[2026-08-04 23:42:46] API FAIL https://tradowixcandledata.up.railway.app/
[2026-08-04 23:42:47] route proxy:171.234.160.79:2080 degraded -> re-racing
[2026-08-04 23:42:47] route proxy:171.234.160.79:2080 degraded -> re-racing
[2026-08-04 23:42:47] API FAIL https://tradowixcandledata.up.railway.app/candles
[2026-08-04 23:42:47] API FAIL https://tradowixcandledata.up.railway.app/candles
[2026-08-04 23:42:48] API FAIL https://tradowixcandledata.up.railway.app/candles
[2026-08-04 23:42:48] API FAIL https://tradowixcandledata.up.railway.app/candles
[2026-08-04 23:42:48] API FAIL https://tradowixcandledata.up.railway.app/candles
[2026-08-04 23:42:49] API FAIL https://tradowixcandledata.up.railway.app/candles
[2026-08-04 23:42:49] route proxy:103.124.138.149:8080 degraded -> re-racing
[2026-08-04 23:42:49] API FAIL https://tradowixcandledata.up.railway.app/
[2026-08-04 23:42:51] API FAIL https://tradowixcandledata.up.railway.app/candles
[2026-08-04 23:42:51] API FAIL https://tradowixcandledata.up.railway.app/candles
[2026-08-04 23:42:51] API FAIL https://tradowixcandledata.up.railway.app/candles
[2026-08-04 23:42:52] API FAIL https://tradowixcandledata.up.railway.app/candles
[2026-08-04 23:42:53] API FAIL https://tradowixcandledata.up.railway.app/candles
[2026-08-04 23:42:54] API FAIL https://tradowixcandledata.up.railway.app/
[2026-08-04 23:42:59] API FAIL https://tradowixcandledata.up.railway.app/
[2026-08-04 23:42:59] API FAIL https://tradowixcandledata.up.railway.app/candles
[2026-08-04 23:43:02] API FAIL https://tradowixcandledata.up.railway.app/candles
[2026-08-04 23:43:04] route jina degraded -> re-racing
[2026-08-04 23:43:04] route jina degraded -> re-racing
[2026-08-04 23:43:04] route jina degraded -> re-racing
[2026-08-04 23:43:04] route jina degraded -> re-racing
[2026-08-04 23:43:04] route jina degraded -> re-racing
[2026-08-04 23:43:04] route jina degraded -> re-racing
[2026-08-04 23:43:04] route None degraded -> re-racing
[2026-08-04 23:43:04] route None degraded -> re-racing
[2026-08-04 23:43:04] route None degraded -> re-racing
[2026-08-04 23:43:04] route None degraded -> re-racing
[2026-08-04 23:43:04] route None degraded -> re-racing
[2026-08-04 23:43:04] route None degraded -> re-racing
[2026-08-04 23:43:04] route None degraded -> re-racing
[2026-08-04 23:43:04] route None degraded -> re-racing
[2026-08-04 23:43:04] route None degraded -> re-racing
[2026-08-04 23:43:04] route None degraded -> re-racing
[2026-08-04 23:43:04] route None degraded -> re-racing
[2026-08-04 23:43:04] route None degraded -> re-racing
[2026-08-04 23:43:04] route None degraded -> re-racing
[2026-08-04 23:43:04] route None degraded -> re-racing
[2026-08-04 23:43:04] route None degraded -> re-racing
[2026-08-04 23:43:04] route None degraded -> re-racing
[2026-08-04 23:43:04] route None degraded -> re-racing
[2026-08-04 23:43:04] API FAIL https://tradowixcandledata.up.railway.app/
[2026-08-04 23:43:04] API FAIL https://tradowixcandledata.up.railway.app/
[2026-08-04 23:43:04] route None degraded -> re-racing
[2026-08-04 23:43:07] route None degraded -> re-racing
[2026-08-04 23:43:07] route None degraded -> re-racing
[2026-08-04 23:43:07] route None degraded -> re-racing
[2026-08-04 23:43:10] API FAIL https://tradowixcandledata.up.railway.app/
[2026-08-04 23:43:14] API FAIL https://tradowixcandledata.up.railway.app/candles
[2026-08-04 23:43:16] study AUDCHF_otc: cannot schedule new futures after interpreter shutdown
[2026-08-04 23:43:17] study AUDCAD_otc: cannot schedule new futures after interpreter shutdown
[2026-08-04 23:43:17] study USDNGN_otc: cannot schedule new futures after interpreter shutdown
[2026-08-04 23:43:17] study GBPJPY_otc: cannot schedule new futures after interpreter shutdown
[2026-08-04 23:43:17] study EURJPY_otc: cannot schedule new futures after interpreter shutdown
[2026-08-04 23:43:17] study GBPUSD: cannot schedule new futures after interpreter shutdown
[2026-08-04 23:43:17] study EURCAD_otc: cannot schedule new futures after interpreter shutdown
